<?xml version="1.0" encoding="utf-8"?><testsuites name="pytest tests"><testsuite name="pytest" errors="0" failures="0" skipped="0" tests="109" time="0.636" timestamp="2026-05-05T10:57:55.356081+02:00" hostname="genos-RX16"><testcase classname="backend.tests.unit.domain.evaluation_engine.test_evaluation_engine.TestAggregateEvaluationStates" name="test_all_pass_returns_pass" time="0.002" /><testcase classname="backend.tests.unit.domain.evaluation_engine.test_evaluation_engine.TestAggregateEvaluationStates" name="test_any_fail_returns_fail" time="0.001" /><testcase classname="backend.tests.unit.domain.evaluation_engine.test_evaluation_engine.TestAggregateEvaluationStates" name="test_any_pending_without_fail_returns_pending" time="0.000" /><testcase classname="backend.tests.unit.domain.evaluation_engine.test_evaluation_engine.TestEvaluationEngineResolve" name="test_resolve_missing_evidence_returns_pending" time="0.001" /><testcase classname="backend.tests.unit.domain.evaluation_engine.test_evaluation_engine.TestEvaluationEngineResolve" name="test_resolve_uses_cache" time="0.001" /><testcase classname="backend.tests.unit.domain.evaluation_engine.test_evaluation_engine.TestEvaluationEngineResolve" name="test_resolve_with_evidence_calls_evaluate" time="0.001" /><testcase classname="backend.tests.unit.domain.evaluation_engine.test_evaluation_engine.TestEvaluationEngineResolve" name="test_resolve_evaluates_dependencies_first" time="0.001" /><testcase classname="backend.tests.unit.domain.evaluation_engine.test_evaluation_engine.TestEvaluationEngineResolve" name="test_resolve_missing_evidence_with_dependencies" time="0.001" /><testcase classname="backend.tests.unit.domain.evaluation_engine.test_evaluation_engine.TestEvaluationEngineEvaluateAsset" name="test_evaluate_asset_aggregates_all_requirements" time="0.001" /><testcase classname="backend.tests.unit.domain.evaluation_engine.test_evaluation_engine.TestEvaluationEngineEvaluateDevice" name="test_evaluate_device_aggregates_all_assets" time="0.001" /><testcase classname="backend.tests.unit.domain.evaluation_object.asset.test_asset.TestAssetEvidence" name="test_default_empty" time="0.001" /><testcase classname="backend.tests.unit.domain.evaluation_object.asset.test_asset.TestAssetEvidence" name="test_with_node_choice_returns_new_instance" time="0.000" /><testcase classname="backend.tests.unit.domain.evaluation_object.asset.test_asset.TestAssetEvidence" name="test_with_node_choice_preserves_justification" time="0.000" /><testcase classname="backend.tests.unit.domain.evaluation_object.asset.test_asset.TestAssetEvidence" name="test_with_justification_returns_new_instance" time="0.000" /><testcase classname="backend.tests.unit.domain.evaluation_object.asset.test_asset.TestAssetEvidence" name="test_frozen" time="0.001" /><testcase classname="backend.tests.unit.domain.evaluation_object.asset.test_asset.TestAssetProprieties" name="test_empty_by_default" time="0.000" /><testcase classname="backend.tests.unit.domain.evaluation_object.asset.test_asset.TestAssetProprieties" name="test_set_node_choice_creates_evidence_automatically" time="0.000" /><testcase classname="backend.tests.unit.domain.evaluation_object.asset.test_asset.TestAssetProprieties" name="test_set_node_choice_preserves_existing" time="0.000" /><testcase classname="backend.tests.unit.domain.evaluation_object.asset.test_asset.TestAssetProprieties" name="test_set_justification_creates_evidence_automatically" time="0.000" /><testcase classname="backend.tests.unit.domain.evaluation_object.asset.test_asset.TestAssetProprieties" name="test_set_justification_preserves_node_choices" time="0.000" /><testcase classname="backend.tests.unit.domain.evaluation_object.asset.test_asset.TestAssetProprieties" name="test_get_evidence_missing_returns_none" time="0.000" /><testcase classname="backend.tests.unit.domain.evaluation_object.asset.test_asset.TestAssetProprieties" name="test_evidences_immutable_view" time="0.000" /><testcase classname="backend.tests.unit.domain.evaluation_object.asset.test_asset.TestAssetProprieties" name="test_init_with_existing_evidences" time="0.000" /><testcase classname="backend.tests.unit.domain.evaluation_object.asset.test_asset.TestAssetCreation" name="test_create_empty" time="0.001" /><testcase classname="backend.tests.unit.domain.evaluation_object.asset.test_asset.TestAssetCreation" name="test_create_with_proprieties" time="0.001" /><testcase classname="backend.tests.unit.domain.evaluation_object.asset.test_asset.TestAssetCreation" name="test_frozen_id" time="0.001" /><testcase classname="backend.tests.unit.domain.evaluation_object.asset.test_asset.TestAssetDelegation" name="test_set_node_choice" time="0.001" /><testcase classname="backend.tests.unit.domain.evaluation_object.asset.test_asset.TestAssetDelegation" name="test_set_justification" time="0.001" /><testcase classname="backend.tests.unit.domain.evaluation_object.asset.test_asset.TestAssetDelegation" name="test_set_node_choice_then_justification_preserves_both" time="0.001" /><testcase classname="backend.tests.unit.domain.evaluation_object.asset.test_asset.TestAssetUpdateAnagraphic" name="test_update_name" time="0.001" /><testcase classname="backend.tests.unit.domain.evaluation_object.asset.test_asset.TestAssetUpdateAnagraphic" name="test_update_type" time="0.001" /><testcase classname="backend.tests.unit.domain.evaluation_object.asset.test_asset.TestAssetUpdateAnagraphic" name="test_update_description" time="0.001" /><testcase classname="backend.tests.unit.domain.evaluation_object.asset.test_asset.TestAssetUpdateAnagraphic" name="test_update_partial_preserves" time="0.001" /><testcase classname="backend.tests.unit.domain.evaluation_object.asset.test_asset.TestAssetUpdateAnagraphic" name="test_update_preserves_proprieties" time="0.001" /><testcase classname="backend.tests.unit.domain.evaluation_object.asset.test_asset.TestAssetUpdateAnagraphic" name="test_update_none_noop" time="0.001" /><testcase classname="backend.tests.unit.domain.evaluation_object.asset.test_assset_evidence.TestAssetEvidenceImmutability" name="test_cannot_set_attributes" time="0.000" /><testcase classname="backend.tests.unit.domain.evaluation_object.asset.test_assset_evidence.TestAssetEvidenceImmutability" name="test_cannot_set_justification" time="0.000" /><testcase classname="backend.tests.unit.domain.evaluation_object.asset.test_assset_evidence.TestAssetEvidenceImmutability" name="test_node_choices_not_mutatable" time="0.000" /><testcase classname="backend.tests.unit.domain.evaluation_object.asset.test_assset_evidence.TestAssetEvidenceWithMethods" name="test_with_justification_returns_new_instance[evidence_dinamica0]" time="0.001" /><testcase classname="backend.tests.unit.domain.evaluation_object.asset.test_assset_evidence.TestAssetEvidenceWithMethods" name="test_with_justification_returns_new_instance[evidence_dinamica1]" time="0.001" /><testcase classname="backend.tests.unit.domain.evaluation_object.asset.test_assset_evidence.TestAssetEvidenceWithMethods" name="test_with_justification_returns_new_instance[evidence_dinamica2]" time="0.001" /><testcase classname="backend.tests.unit.domain.evaluation_object.asset.test_assset_evidence.TestAssetEvidenceWithMethods" name="test_with_node_choice_returns_new_instance[evidence_dinamica0]" time="0.001" /><testcase classname="backend.tests.unit.domain.evaluation_object.asset.test_assset_evidence.TestAssetEvidenceWithMethods" name="test_with_node_choice_returns_new_instance[evidence_dinamica1]" time="0.001" /><testcase classname="backend.tests.unit.domain.evaluation_object.asset.test_assset_evidence.TestAssetEvidenceWithMethods" name="test_with_node_choice_returns_new_instance[evidence_dinamica2]" time="0.001" /><testcase classname="backend.tests.unit.domain.evaluation_object.asset.test_assset_evidence.TestAssetEvidenceWithMethods" name="test_with_node_choice_overwrites_existing_key" time="0.000" /><testcase classname="backend.tests.unit.domain.evaluation_object.asset.test_assset_evidence.TestAssetEvidenceWithMethods" name="test_chaining" time="0.000" /><testcase classname="backend.tests.unit.domain.evaluation_object.test_device.TestDeviceCreation" name="test_create_empty" time="0.001" /><testcase classname="backend.tests.unit.domain.evaluation_object.test_device.TestDeviceCreation" name="test_create_with_assets" time="0.000" /><testcase classname="backend.tests.unit.domain.evaluation_object.test_device.TestDeviceAssetManagement" name="test_add_asset" time="0.000" /><testcase classname="backend.tests.unit.domain.evaluation_object.test_device.TestDeviceAssetManagement" name="test_add_duplicate_raises" time="0.001" /><testcase classname="backend.tests.unit.domain.evaluation_object.test_device.TestDeviceAssetManagement" name="test_remove_asset" time="0.000" /><testcase classname="backend.tests.unit.domain.evaluation_object.test_device.TestDeviceAssetManagement" name="test_remove_nonexistent_raises" time="0.001" /><testcase classname="backend.tests.unit.domain.evaluation_object.test_device.TestDeviceAssetManagement" name="test_get_asset" time="0.001" /><testcase classname="backend.tests.unit.domain.evaluation_object.test_device.TestDeviceAssetManagement" name="test_get_nonexistent_raises" time="0.001" /><testcase classname="backend.tests.unit.domain.evaluation_object.test_device.TestDeviceAssetManagement" name="test_assets_immutable_view" time="0.000" /><testcase classname="backend.tests.unit.domain.evaluation_object.test_device.TestDeviceAssetManagement" name="test_add_asset_stores_same_reference" time="0.000" /><testcase classname="backend.tests.unit.domain.evaluation_object.test_device.TestDeviceUpdateInfo" name="test_update_name" time="0.001" /><testcase classname="backend.tests.unit.domain.evaluation_object.test_device.TestDeviceUpdateInfo" name="test_update_os" time="0.000" /><testcase classname="backend.tests.unit.domain.evaluation_object.test_device.TestDeviceUpdateInfo" name="test_update_partial_preserves" time="0.000" /><testcase classname="backend.tests.unit.domain.evaluation_object.test_device.TestDeviceUpdateInfo" name="test_update_none_noop" time="0.000" /><testcase classname="backend.tests.unit.domain.evaluation_standard.test_compliance_standard.TestComplianceStandardValidation" name="test_empty_id_raises" time="0.002" /><testcase classname="backend.tests.unit.domain.evaluation_standard.test_compliance_standard.TestComplianceStandardValidation" name="test_empty_name_raises" time="0.001" /><testcase classname="backend.tests.unit.domain.evaluation_standard.test_compliance_standard.TestComplianceStandardValidation" name="test_duplicate_requirement_raises" time="0.001" /><testcase classname="backend.tests.unit.domain.evaluation_standard.test_compliance_standard.TestComplianceStandardProperties" name="test_id" time="0.001" /><testcase classname="backend.tests.unit.domain.evaluation_standard.test_compliance_standard.TestComplianceStandardProperties" name="test_name" time="0.001" /><testcase classname="backend.tests.unit.domain.evaluation_standard.test_compliance_standard.TestComplianceStandardProperties" name="test_version" time="0.001" /><testcase classname="backend.tests.unit.domain.evaluation_standard.test_compliance_standard.TestComplianceStandardProperties" name="test_requirements_returns_tuple" time="0.001" /><testcase classname="backend.tests.unit.domain.evaluation_standard.test_compliance_standard.TestComplianceStandardProperties" name="test_requirements_tuple_is_defensive_copy" time="0.001" /><testcase classname="backend.tests.unit.domain.evaluation_standard.test_compliance_standard.TestComplianceStandardGetRequirement" name="test_get_existing" time="0.001" /><testcase classname="backend.tests.unit.domain.evaluation_standard.test_compliance_standard.TestComplianceStandardGetRequirement" name="test_get_nonexistent_raises" time="0.001" /><testcase classname="backend.tests.unit.domain.evaluation_standard.test_compliance_standard.TestComplianceStandardImmutability" name="test_no_setter_for_id" time="0.001" /><testcase classname="backend.tests.unit.domain.evaluation_standard.test_compliance_standard.TestComplianceStandardImmutability" name="test_no_setter_for_name" time="0.001" /><testcase classname="backend.tests.unit.domain.evaluation_standard.test_compliance_standard.TestComplianceStandardImmutability" name="test_no_add_requirement_method" time="0.000" /><testcase classname="backend.tests.unit.domain.evaluation_standard.test_compliance_standard.TestComplianceStandardImmutability" name="test_no_remove_requirement_method" time="0.000" /><testcase classname="backend.tests.unit.domain.evaluation_standard.test_decision_tree.TestDecisionTreeConstruction" name="test_duplicate_node_raises" time="0.001" /><testcase classname="backend.tests.unit.domain.evaluation_standard.test_decision_tree.TestDecisionTreeConstruction" name="test_missing_root_raises" time="0.001" /><testcase classname="backend.tests.unit.domain.evaluation_standard.test_decision_tree.TestDecisionTreeConstruction" name="test_single_leaf_as_root" time="0.000" /><testcase classname="backend.tests.unit.domain.evaluation_standard.test_decision_tree.TestDecisionTreeEvaluation" name="test_pass_path" time="0.001" /><testcase classname="backend.tests.unit.domain.evaluation_standard.test_decision_tree.TestDecisionTreeEvaluation" name="test_fail_path" time="0.000" /><testcase classname="backend.tests.unit.domain.evaluation_standard.test_decision_tree.TestDecisionTreeEvaluation" name="test_na_path" time="0.000" /><testcase classname="backend.tests.unit.domain.evaluation_standard.test_decision_tree.TestDecisionTreeEvaluation" name="test_pending_when_answer_missing" time="0.000" /><testcase classname="backend.tests.unit.domain.evaluation_standard.test_decision_tree.TestDecisionTreeEvaluation" name="test_two_step_all_true" time="0.001" /><testcase classname="backend.tests.unit.domain.evaluation_standard.test_decision_tree.TestDecisionTreeEvaluation" name="test_two_step_partial_answers" time="0.001" /><testcase classname="backend.tests.unit.domain.evaluation_standard.test_decision_tree.TestDecisionTreeEvaluation" name="test_two_step_first_false" time="0.000" /><testcase classname="backend.tests.unit.domain.evaluation_standard.test_decision_tree.TestDecisionTreeEvaluation" name="test_extra_answers_ignored" time="0.000" /><testcase classname="backend.tests.unit.domain.evaluation_standard.test_decision_tree.TestDecisionTreeCycleDetection" name="test_self_referencing_node" time="0.000" /><testcase classname="backend.tests.unit.domain.evaluation_standard.test_decision_tree.TestDecisionTreeCycleDetection" name="test_two_node_cycle" time="0.000" /><testcase classname="backend.tests.unit.domain.evaluation_standard.test_requirement.TestRequirementValidation" name="test_empty_id_raises" time="0.000" /><testcase classname="backend.tests.unit.domain.evaluation_standard.test_requirement.TestRequirementValidation" name="test_missing_tree_raises_on_evaluate" time="0.001" /><testcase classname="backend.tests.unit.domain.evaluation_standard.test_requirement.TestRequirementEvaluation" name="test_pass" time="0.001" /><testcase classname="backend.tests.unit.domain.evaluation_standard.test_requirement.TestRequirementEvaluation" name="test_fail" time="0.001" /><testcase classname="backend.tests.unit.domain.evaluation_standard.test_requirement.TestRequirementEvaluation" name="test_pending_incomplete_answers" time="0.000" /><testcase classname="backend.tests.unit.domain.evaluation_standard.test_requirement.TestRequirementNAJustification" name="test_na_without_justification_returns_fail" time="0.001" /><testcase classname="backend.tests.unit.domain.evaluation_standard.test_requirement.TestRequirementNAJustification" name="test_na_with_whitespace_justification_returns_fail" time="0.001" /><testcase classname="backend.tests.unit.domain.evaluation_standard.test_requirement.TestRequirementNAJustification" name="test_na_with_justification_returns_na" time="0.000" /><testcase classname="backend.tests.unit.domain.evaluation_standard.test_requirement.TestRequirementNAJustification" name="test_pass_without_justification_stays_pass" time="0.000" /><testcase classname="backend.tests.unit.domain.evaluation_standard.test_requirement.TestRequirementDependencies" name="test_dependency_blocking[dependency_states0-pass]" time="0.001" /><testcase classname="backend.tests.unit.domain.evaluation_standard.test_requirement.TestRequirementDependencies" name="test_dependency_blocking[dependency_states1-fail]" time="0.001" /><testcase classname="backend.tests.unit.domain.evaluation_standard.test_requirement.TestRequirementDependencies" name="test_dependency_blocking[dependency_states2-pending]" time="0.001" /><testcase classname="backend.tests.unit.domain.evaluation_standard.test_requirement.TestRequirementDependencies" name="test_dependency_blocking[dependency_states3-not_applicable]" time="0.001" /><testcase classname="backend.tests.unit.domain.evaluation_standard.test_requirement.TestRequirementDependencies" name="test_dependency_priority[dependency_states0-fail]" time="0.001" /><testcase classname="backend.tests.unit.domain.evaluation_standard.test_requirement.TestRequirementDependencies" name="test_dependency_priority[dependency_states1-fail]" time="0.001" /><testcase classname="backend.tests.unit.domain.evaluation_standard.test_requirement.TestRequirementDependencies" name="test_dependency_priority[dependency_states2-pending]" time="0.001" /><testcase classname="backend.tests.unit.domain.evaluation_standard.test_requirement.TestRequirementDependencies" name="test_no_dependencies_evaluates_normally" time="0.001" /><testcase classname="backend.tests.unit.domain.evaluation_standard.test_requirement.TestRequirementDependencies" name="test_dependencies_block_before_tree_evaluation" time="0.001" /><testcase classname="backend.tests.unit.domain.session.test_session" name="test_can_open_session_when_no_active_session_exists" time="0.001" /><testcase classname="backend.tests.unit.domain.session.test_session" name="test_cannot_open_session_when_active_session_exists" time="0.000" /><testcase classname="backend.tests.unit.domain.session.test_session" name="test_cannot_open_standard_editing_when_active_session_exists" time="0.000" /><testcase classname="backend.tests.unit.domain.test_smoke" name="test_infra" time="0.000" /></testsuite></testsuites>